// Jest Snapshot v1, https://goo.gl/fbAQLP

exports[`SegmentEditor should render 1`] = `
<div>
  <div
    class="segment-edit-page-root"
  >
    <form
      class="form-root contributor-builder-root d-flex editing flex-column"
    >
      <nav
        class="align-items-center bg-white sticky-top toolbar-root tbar component-tbar"
      >
        <ul
          class="align-items-center mx-3 tbar-nav"
        >
          <li
            class="tbar-item"
          >
            <a
              aria-label="Back"
              class="btn btn-monospaced btn-outline-borderless btn-outline-secondary btn-sm rounded-lg"
              data-discover="true"
              data-tooltip-align="bottom"
              href="/workspace/23/321/contacts/segments"
              title="Back"
            >
              <svg
                class="lexicon-icon lexicon-icon-angle-left"
                role="presentation"
              >
                <use
                  href="#angle-left"
                />
              </svg>
            </a>
          </li>
          <li
            class="pl-0 tbar-item"
          >
            <div
              class="tbar-section"
            >
              <h1
                class="font-weight-semi-bold m-0 text-5 text-dark text-nowrap"
              >
                New Segment
              </h1>
            </div>
          </li>
          <li
            class="tbar-item tbar-item-expand"
          />
          <li
            class="tbar-item"
          >
            <label
              class="toggle-switch simple-toggle-switch"
            >
              <span
                class="toggle-switch-check-bar"
              >
                <input
                  class="toggle-switch-check"
                  id="includeAnonymousUsers"
                  role="switch"
                  type="checkbox"
                  value=""
                />
                <span
                  aria-hidden="true"
                  class="toggle-switch-bar"
                >
                  <span
                    class="toggle-switch-handle"
                  />
                </span>
              </span>
              <span
                class="toggle-switch-label"
              >
                Include Anonymous
              </span>
            </label>
          </li>
          <li
            class="pl-0 tbar-item"
          >
            <button
              aria-label="Help"
              class="rounded-lg btn btn-monospaced btn-outline-borderless btn-outline-secondary btn-xs"
              type="button"
            >
              <svg
                class="lexicon-icon lexicon-icon-question-circle-full"
                role="presentation"
              >
                <use
                  href="#question-circle-full"
                />
              </svg>
            </button>
          </li>
          <li
            class="align-self-stretch border-left my-1 p-0 tbar-item"
            data-testid="toolbar-divider"
          />
          <li
            class="tbar-item"
          >
            <span
              class="text-3 font-weight-semi-bold"
            >
              Total Members: 
              <span>
                0
              </span>
            </span>
          </li>
          <li
            class="pl-0 tbar-item"
          >
            <button
              aria-label="View Members"
              class="rounded-lg btn btn-monospaced btn-outline-borderless btn-sm btn-outline-secondary"
              data-testid="preview-criteria-button"
              data-tooltip="true"
              data-tooltip-align="bottom"
              disabled=""
              title="Some of your criteria are incomplete or invalid."
              type="button"
            >
              <svg
                class="lexicon-icon lexicon-icon-view"
                role="presentation"
              >
                <use
                  href="#view"
                />
              </svg>
            </button>
          </li>
          <li
            class="align-self-stretch border-left my-1 p-0 tbar-item"
            data-testid="toolbar-divider"
          />
          <li
            class="tbar-item"
          >
            <a
              class="rounded-lg btn btn-outline-borderless btn-sm btn-outline-secondary"
              href="/workspace/23/321/contacts/segments"
            >
              Cancel
            </a>
          </li>
          <li
            class="tbar-item"
          >
            <button
              class="rounded-lg btn btn-sm btn-primary"
              disabled=""
              type="submit"
            >
              Save Segment
            </button>
          </li>
        </ul>
      </nav>
      <div
        aria-live="assertive"
        class="sr-only"
      />
      <div
        class="form-body"
      >
        <div
          class="criteria-builder-section-sidebar"
        />
        <div
          class="criteria-builder-section-main"
        >
          <div
            class="contributor-container"
          >
            <div
              class="container-fluid container-fluid-max-xl"
            >
              <div
                class="content-wrapper"
              >
                <div
                  class="form-group mb-0"
                >
                  <label
                    class="mb-0 text-3"
                    for="name"
                  >
                    Title
                    <svg
                      class="lexicon-icon lexicon-icon-asterisk reference-mark"
                      role="presentation"
                    >
                      <use
                        href="#asterisk"
                      />
                    </svg>
                  </label>
                  <input
                    class="form-control form-control-inline"
                    id="name"
                    name="name"
                    placeholder="New Segment"
                    required=""
                    type="text"
                    value=""
                  />
                </div>
                <div
                  class="mb-4 mt-4"
                >
                  <div
                    class="row align-items-center mb-2"
                  >
                    <div
                      class="col-lg-2 col-md-3 col-sm-12"
                    >
                      <span
                        class="align-items-center d-flex font-weight-semi-bold text-nowrap text-secondary"
                      >
                        <svg
                          class="lexicon-icon lexicon-icon-plus-squares mr-2"
                          role="presentation"
                        >
                          <use
                            href="#plus-squares"
                          />
                        </svg>
                        Segment Type
                      </span>
                    </div>
                    <div
                      class="col"
                    >
                      <span
                        class="label label-inverse-secondary"
                      >
                        <span
                          class="label-item label-item-expand"
                        >
                          Individual
                        </span>
                      </span>
                      <span
                        class="label label-inverse-info"
                      >
                        <span
                          class="label-item label-item-expand"
                        >
                          Batch
                        </span>
                      </span>
                    </div>
                  </div>
                  <div
                    class="form-group mb-0"
                  >
                    <div
                      class="row align-items-center"
                    >
                      <div
                        class="align-items-center d-flex col-lg-2 col-md-3 col-sm-12"
                      >
                        <label
                          class="align-items-center d-flex font-weight-semi-bold mb-0 text-nowrap text-secondary"
                          for="externalReferenceCode"
                        >
                          <svg
                            class="lexicon-icon lexicon-icon-link mr-2"
                            role="presentation"
                          >
                            <use
                              href="#link"
                            />
                          </svg>
                          Segment ERC
                          <svg
                            class="lexicon-icon lexicon-icon-asterisk reference-mark"
                            role="presentation"
                          >
                            <use
                              href="#asterisk"
                            />
                          </svg>
                        </label>
                        <button
                          aria-label="Help"
                          class="ml-2 rounded-lg btn btn-monospaced btn-outline-borderless btn-outline-secondary btn-xs"
                          type="button"
                        >
                          <svg
                            class="lexicon-icon lexicon-icon-question-circle-full"
                            role="presentation"
                          >
                            <use
                              href="#question-circle-full"
                            />
                          </svg>
                        </button>
                      </div>
                      <div
                        class="col-lg-4 col-md-6"
                      >
                        <input
                          class="form-control form-control-sm"
                          id="externalReferenceCode"
                          name="externalReferenceCode"
                          required=""
                          type="text"
                          value="00000000-0000-0000-0000-000000000000"
                        />
                      </div>
                    </div>
                  </div>
                </div>
                <div
                  class="criteria-builder-root"
                >
                  <div
                    class="empty-drop-zone-root"
                  >
                    <div
                      class="empty-drop-zone-target"
                    >
                      <div
                        class="empty-drop-zone-indicator"
                      />
                      <div
                        class="empty-drop-zone-message"
                      >
                        <div>
                          <svg
                            class="lexicon-icon lexicon-icon-ac_rule icon-root icon-size-md mr-3"
                            role="presentation"
                          >
                            <use
                              href="#ac_rule"
                            />
                          </svg>
                          <span
                            class="text-4"
                          >
                            Drag and drop criterion from the left to add rules.
                          </span>
                        </div>
                        <div>
                          <svg
                            class="lexicon-icon lexicon-icon-ac_group icon-root icon-size-md mr-3"
                            role="presentation"
                          >
                            <use
                              href="#ac_group"
                            />
                          </svg>
                          <span
                            class="text-4"
                          >
                            Drag and drop over an existing criteria to form groups.
                          </span>
                        </div>
                      </div>
                    </div>
                  </div>
                </div>
              </div>
            </div>
          </div>
        </div>
      </div>
    </form>
  </div>
</div>
`;
